ERROR: LoadError: EOFError: read end of file
Stacktrace:
  [1] unsafe_read(s::IOStream, p::Ptr{UInt8}, nb::UInt64)
    @ Base ./iostream.jl:430
  [2] unsafe_read
    @ ./io.jl:891 [inlined]
  [3] read_array!(v::Array{Float64, 3}, f::JLD2.JLDFile{JLD2.MmapIO}, ::JLD2.SameRepr{Float64})
    @ JLD2 ~/.julia/packages/JLD2/phaon/src/io/dataio.jl:270
  [4] read_array(f::JLD2.JLDFile{JLD2.MmapIO}, dataspace::JLD2.ReadDataspace, rr::JLD2.ReadRepresentation, layout::JLD2.DataLayout, filters::JLD2.FilterPipeline, header_offset::JLD2.RelOffset, attributes::Vector{JLD2.ReadAttribute})
    @ JLD2 ~/.julia/packages/JLD2/phaon/src/datasets.jl:239
  [5] read_data(f::JLD2.JLDFile{JLD2.MmapIO}, rr::Any, read_dataspace::Tuple{JLD2.ReadDataspace, JLD2.RelOffset, JLD2.DataLayout, JLD2.FilterPipeline}, attributes::Vector{JLD2.ReadAttribute})
    @ JLD2 ~/.julia/packages/JLD2/phaon/src/datasets.jl:98
  [6] read_data(f::JLD2.JLDFile{JLD2.MmapIO}, dataspace::JLD2.ReadDataspace, dt::JLD2.H5Datatype, layout::JLD2.DataLayout, filters::JLD2.FilterPipeline, header_offset::JLD2.RelOffset, attributes::Vector{JLD2.ReadAttribute})
    @ JLD2 ~/.julia/packages/JLD2/phaon/src/datasets.jl:84
  [7] load_dataset(f::JLD2.JLDFile{JLD2.MmapIO}, offset::JLD2.RelOffset)
    @ JLD2 ~/.julia/packages/JLD2/phaon/src/datasets.jl:48
  [8] getindex(g::JLD2.Group{JLD2.JLDFile{JLD2.MmapIO}}, name::String)
    @ JLD2 ~/.julia/packages/JLD2/phaon/src/groups.jl:99
  [9] getindex
    @ ~/.julia/packages/JLD2/phaon/src/JLD2.jl:349 [inlined]
 [10] (::var"#1#2")(file::JLD2.JLDFile{JLD2.MmapIO})
    @ Main ~/Rydberg_facilitation/compute_sz.jl:31
 [11] jldopen(::Function, ::String, ::Vararg{String}; kws::@Kwargs{})
    @ JLD2 ~/.julia/packages/JLD2/phaon/src/loadsave.jl:4
 [12] jldopen(::Function, ::String, ::String)
    @ JLD2 ~/.julia/packages/JLD2/phaon/src/loadsave.jl:1
 [13] top-level scope
    @ ~/Rydberg_facilitation/compute_sz.jl:29
in expression starting at /home/quw51vuk/Rydberg_facilitation/compute_sz.jl:29
ERROR: LoadError: failed process: Process(`/home/quw51vuk/julia-1.11.2/bin/julia /home/quw51vuk/Rydberg_facilitation/compute_sz.jl /home/quw51vuk/Rydberg_facilitation/results_data/atoms=400,Δ=2000,γ=20.0/temp_sol_2D,Ω=20.0,Δ=2000,γ=20.0.jld2 400 16`, ProcessExited(1)) [1]

Stacktrace:
 [1] pipeline_error
   @ ./process.jl:598 [inlined]
 [2] run(::Cmd; wait::Bool)
   @ Base ./process.jl:513
 [3] top-level scope
   @ ~/Rydberg_facilitation/main1d.jl:177
in expression starting at /home/quw51vuk/Rydberg_facilitation/main1d.jl:177
