Loaded completed γ values for Ω = 27: [0.1, 10.0, 100.0, 500.0, 1000.0]
Incomplete γ values to process for Ω = 27: [50, 200, 1500]
Computing for nAtoms = 400, γ = 50, Ω = 27
Directory exists: /home/quw51vuk/Rydberg_facilitation/results_data/atoms=400,Δ=2000,γ=50
Attempt 1 of 2 for γ = 50, Ω = 27...
Starting TWA computation for γ = 50...
TWA computation finished for γ = 50.
Solution saved temporarily: /home/quw51vuk/Rydberg_facilitation/results_data/atoms=400,Δ=2000,γ=50/temp_sol_2D,Ω=27,Δ=2000,γ=50.jld2
Executing command: `/home/quw51vuk/julia-1.11.2/bin/julia /home/quw51vuk/Rydberg_facilitation/compute_sz.jl /home/quw51vuk/Rydberg_facilitation/results_data/atoms=400,Δ=2000,γ=50/temp_sol_2D,Ω=27,Δ=2000,γ=50.jld2 400 5`
Computing normalized Sz from /home/quw51vuk/Rydberg_facilitation/results_data/atoms=400,Δ=2000,γ=50/temp_sol_2D,Ω=27,Δ=2000,γ=50.jld2...
Normalized Sz saved successfully to /home/quw51vuk/Rydberg_facilitation/results_data/atoms=400,Δ=2000,γ=50/sz_mean_steady_for_2D,Ω=27,Δ=2000,γ=50.jld2
Temporary sol file deleted: /home/quw51vuk/Rydberg_facilitation/results_data/atoms=400,Δ=2000,γ=50/temp_sol_2D,Ω=27,Δ=2000,γ=50.jld2
Sz computation and cleanup complete.
Sz computation completed for γ = 50.
Checkpoint updated: γ = 50 completed for Ω = 27
Cleaning up for γ = 50...
Cleanup complete for γ = 50.
Computing for nAtoms = 400, γ = 200, Ω = 27
Directory exists: /home/quw51vuk/Rydberg_facilitation/results_data/atoms=400,Δ=2000,γ=200
Attempt 1 of 2 for γ = 200, Ω = 27...
Starting TWA computation for γ = 200...
TWA computation finished for γ = 200.
Solution saved temporarily: /home/quw51vuk/Rydberg_facilitation/results_data/atoms=400,Δ=2000,γ=200/temp_sol_2D,Ω=27,Δ=2000,γ=200.jld2
Executing command: `/home/quw51vuk/julia-1.11.2/bin/julia /home/quw51vuk/Rydberg_facilitation/compute_sz.jl /home/quw51vuk/Rydberg_facilitation/results_data/atoms=400,Δ=2000,γ=200/temp_sol_2D,Ω=27,Δ=2000,γ=200.jld2 400 5`
Computing normalized Sz from /home/quw51vuk/Rydberg_facilitation/results_data/atoms=400,Δ=2000,γ=200/temp_sol_2D,Ω=27,Δ=2000,γ=200.jld2...
Normalized Sz saved successfully to /home/quw51vuk/Rydberg_facilitation/results_data/atoms=400,Δ=2000,γ=200/sz_mean_steady_for_2D,Ω=27,Δ=2000,γ=200.jld2
Temporary sol file deleted: /home/quw51vuk/Rydberg_facilitation/results_data/atoms=400,Δ=2000,γ=200/temp_sol_2D,Ω=27,Δ=2000,γ=200.jld2
Sz computation and cleanup complete.
Sz computation completed for γ = 200.
Checkpoint updated: γ = 200 completed for Ω = 27
Cleaning up for γ = 200...
Cleanup complete for γ = 200.
Computing for nAtoms = 400, γ = 1500, Ω = 27
Directory exists: /home/quw51vuk/Rydberg_facilitation/results_data/atoms=400,Δ=2000,γ=1500
Attempt 1 of 2 for γ = 1500, Ω = 27...
Starting TWA computation for γ = 1500...
TWA computation finished for γ = 1500.
Solution saved temporarily: /home/quw51vuk/Rydberg_facilitation/results_data/atoms=400,Δ=2000,γ=1500/temp_sol_2D,Ω=27,Δ=2000,γ=1500.jld2
Executing command: `/home/quw51vuk/julia-1.11.2/bin/julia /home/quw51vuk/Rydberg_facilitation/compute_sz.jl /home/quw51vuk/Rydberg_facilitation/results_data/atoms=400,Δ=2000,γ=1500/temp_sol_2D,Ω=27,Δ=2000,γ=1500.jld2 400 5`
Computing normalized Sz from /home/quw51vuk/Rydberg_facilitation/results_data/atoms=400,Δ=2000,γ=1500/temp_sol_2D,Ω=27,Δ=2000,γ=1500.jld2...
Normalized Sz saved successfully to /home/quw51vuk/Rydberg_facilitation/results_data/atoms=400,Δ=2000,γ=1500/sz_mean_steady_for_2D,Ω=27,Δ=2000,γ=1500.jld2
Temporary sol file deleted: /home/quw51vuk/Rydberg_facilitation/results_data/atoms=400,Δ=2000,γ=1500/temp_sol_2D,Ω=27,Δ=2000,γ=1500.jld2
Sz computation and cleanup complete.
Sz computation completed for γ = 1500.
Checkpoint updated: γ = 1500 completed for Ω = 27
Cleaning up for γ = 1500...
Cleanup complete for γ = 1500.
All incomplete γ values processed for Ω = 27.
